// Jest Snapshot v1, https://goo.gl/fbAQLP

exports[`MyIcon renders component without crashing 1`] = `<span />`;
